2025-12-04 14:30:34,143 [Worker-2: Loading available Gradle versions] INFO  o.e.b.c.i.u.g.PublishedGradleVersions - Gradle version information cache is not available. Remote download required.
2025-12-04 14:32:04,069 [Worker-24: Update Maven projects configuration] INFO  o.e.m.c.i.p.ProjectConfigurationManager - Update started
2025-12-04 14:32:04,524 [Worker-24: Update Maven projects configuration] INFO  o.e.m.c.i.l.LifecycleMappingFactory - Using org.eclipse.m2e.jdt.JarLifecycleMapping lifecycle mapping for MavenProject: com.example:spring-reddis-cache:0.0.1-SNAPSHOT @ /Users/anushreyshubham/Downloads/Spring-redis-tutorial-main/pom.xml.
2025-12-04 14:32:04,976 [Worker-24: Update Maven projects configuration] INFO  o.e.m.c.i.e.AbstractTransferListenerAdapter - Downloading https://repo.maven.apache.org/maven2/org/springframework/boot/spring-boot-starter-data-redis/3.5.8/spring-boot-starter-data-redis-3.5.8.pom
2025-12-04 14:32:04,982 [Worker-24: Update Maven projects configuration] INFO  o.e.m.c.i.e.AbstractTransferListenerAdapter - Downloaded https://repo.maven.apache.org/maven2/org/springframework/boot/spring-boot-starter-data-redis/3.5.8/spring-boot-starter-data-redis-3.5.8.pom
2025-12-04 14:32:05,028 [Worker-24: Update Maven projects configuration] INFO  o.e.m.c.i.e.AbstractTransferListenerAdapter - Downloading https://repo.maven.apache.org/maven2/io/lettuce/lettuce-core/6.6.0.RELEASE/lettuce-core-6.6.0.RELEASE.pom
2025-12-04 14:32:05,030 [Worker-24: Update Maven projects configuration] INFO  o.e.m.c.i.e.AbstractTransferListenerAdapter - Downloaded https://repo.maven.apache.org/maven2/io/lettuce/lettuce-core/6.6.0.RELEASE/lettuce-core-6.6.0.RELEASE.pom
2025-12-04 14:32:05,125 [Worker-24: Update Maven projects configuration] INFO  o.e.m.c.i.e.AbstractTransferListenerAdapter - Downloading https://repo.maven.apache.org/maven2/redis/clients/authentication/redis-authx-core/0.1.1-beta2/redis-authx-core-0.1.1-beta2.pom
2025-12-04 14:32:05,127 [Worker-24: Update Maven projects configuration] INFO  o.e.m.c.i.e.AbstractTransferListenerAdapter - Downloaded https://repo.maven.apache.org/maven2/redis/clients/authentication/redis-authx-core/0.1.1-beta2/redis-authx-core-0.1.1-beta2.pom
2025-12-04 14:32:05,224 [Worker-24: Update Maven projects configuration] INFO  o.e.m.c.i.e.AbstractTransferListenerAdapter - Downloading https://repo.maven.apache.org/maven2/org/springframework/data/spring-data-redis/3.5.6/spring-data-redis-3.5.6.pom
2025-12-04 14:32:05,226 [Worker-24: Update Maven projects configuration] INFO  o.e.m.c.i.e.AbstractTransferListenerAdapter - Downloaded https://repo.maven.apache.org/maven2/org/springframework/data/spring-data-redis/3.5.6/spring-data-redis-3.5.6.pom
2025-12-04 14:32:05,325 [Worker-24: Update Maven projects configuration] INFO  o.e.m.c.i.e.AbstractTransferListenerAdapter - Downloading https://repo.maven.apache.org/maven2/org/springframework/data/spring-data-keyvalue/3.5.6/spring-data-keyvalue-3.5.6.pom
2025-12-04 14:32:05,546 [Worker-24: Update Maven projects configuration] INFO  o.e.m.c.i.e.AbstractTransferListenerAdapter - Downloaded https://repo.maven.apache.org/maven2/org/springframework/data/spring-data-keyvalue/3.5.6/spring-data-keyvalue-3.5.6.pom
2025-12-04 14:32:05,608 [Worker-24: Update Maven projects configuration] INFO  o.e.m.c.i.e.AbstractTransferListenerAdapter - Downloading https://repo.maven.apache.org/maven2/org/springframework/spring-oxm/6.2.14/spring-oxm-6.2.14.pom
2025-12-04 14:32:05,611 [Worker-24: Update Maven projects configuration] INFO  o.e.m.c.i.e.AbstractTransferListenerAdapter - Downloaded https://repo.maven.apache.org/maven2/org/springframework/spring-oxm/6.2.14/spring-oxm-6.2.14.pom
2025-12-04 14:32:05,672 [Worker-24: Update Maven projects configuration] INFO  o.e.m.c.i.e.AbstractTransferListenerAdapter - Downloading https://repo.maven.apache.org/maven2/org/springframework/boot/spring-boot-starter-data-redis/3.5.8/spring-boot-starter-data-redis-3.5.8.jar
2025-12-04 14:32:05,675 [Worker-24: Update Maven projects configuration] INFO  o.e.m.c.i.e.AbstractTransferListenerAdapter - Downloaded https://repo.maven.apache.org/maven2/org/springframework/boot/spring-boot-starter-data-redis/3.5.8/spring-boot-starter-data-redis-3.5.8.jar
2025-12-04 14:32:05,722 [BasicRepositoryConnector-repo.maven.apache.org-0-0] INFO  o.e.m.c.i.e.AbstractTransferListenerAdapter - Downloading https://repo.maven.apache.org/maven2/io/lettuce/lettuce-core/6.6.0.RELEASE/lettuce-core-6.6.0.RELEASE.jar
2025-12-04 14:32:05,739 [BasicRepositoryConnector-repo.maven.apache.org-0-4] INFO  o.e.m.c.i.e.AbstractTransferListenerAdapter - Downloading https://repo.maven.apache.org/maven2/org/springframework/spring-oxm/6.2.14/spring-oxm-6.2.14.jar
2025-12-04 14:32:05,749 [BasicRepositoryConnector-repo.maven.apache.org-0-3] INFO  o.e.m.c.i.e.AbstractTransferListenerAdapter - Downloading https://repo.maven.apache.org/maven2/org/springframework/data/spring-data-keyvalue/3.5.6/spring-data-keyvalue-3.5.6.jar
2025-12-04 14:32:05,761 [BasicRepositoryConnector-repo.maven.apache.org-0-1] INFO  o.e.m.c.i.e.AbstractTransferListenerAdapter - Downloading https://repo.maven.apache.org/maven2/redis/clients/authentication/redis-authx-core/0.1.1-beta2/redis-authx-core-0.1.1-beta2.jar
2025-12-04 14:32:05,763 [BasicRepositoryConnector-repo.maven.apache.org-0-1] INFO  o.e.m.c.i.e.AbstractTransferListenerAdapter - Downloaded https://repo.maven.apache.org/maven2/redis/clients/authentication/redis-authx-core/0.1.1-beta2/redis-authx-core-0.1.1-beta2.jar
2025-12-04 14:32:05,787 [BasicRepositoryConnector-repo.maven.apache.org-0-3] INFO  o.e.m.c.i.e.AbstractTransferListenerAdapter - Downloaded https://repo.maven.apache.org/maven2/org/springframework/data/spring-data-keyvalue/3.5.6/spring-data-keyvalue-3.5.6.jar
2025-12-04 14:32:05,802 [BasicRepositoryConnector-repo.maven.apache.org-0-2] INFO  o.e.m.c.i.e.AbstractTransferListenerAdapter - Downloading https://repo.maven.apache.org/maven2/org/springframework/data/spring-data-redis/3.5.6/spring-data-redis-3.5.6.jar
2025-12-04 14:32:06,090 [BasicRepositoryConnector-repo.maven.apache.org-0-2] INFO  o.e.m.c.i.e.AbstractTransferListenerAdapter - Downloaded https://repo.maven.apache.org/maven2/org/springframework/data/spring-data-redis/3.5.6/spring-data-redis-3.5.6.jar
2025-12-04 14:32:06,233 [BasicRepositoryConnector-repo.maven.apache.org-0-4] INFO  o.e.m.c.i.e.AbstractTransferListenerAdapter - Downloaded https://repo.maven.apache.org/maven2/org/springframework/spring-oxm/6.2.14/spring-oxm-6.2.14.jar
2025-12-04 14:32:06,495 [BasicRepositoryConnector-repo.maven.apache.org-0-0] INFO  o.e.m.c.i.e.AbstractTransferListenerAdapter - Downloaded https://repo.maven.apache.org/maven2/io/lettuce/lettuce-core/6.6.0.RELEASE/lettuce-core-6.6.0.RELEASE.jar
2025-12-04 14:32:06,778 [Worker-24: Update Maven projects configuration] INFO  o.e.m.j.i.AbstractJavaProjectConfigurator - Adding source folder /Spring-redis-tutorial-main/src/main/java
2025-12-04 14:32:06,779 [Worker-24: Update Maven projects configuration] INFO  o.e.m.j.i.AbstractJavaProjectConfigurator - Adding resource folder /Spring-redis-tutorial-main/src/main/resources
2025-12-04 14:32:06,781 [Worker-24: Update Maven projects configuration] INFO  o.e.m.j.i.AbstractJavaProjectConfigurator - Adding resource folder /Spring-redis-tutorial-main/src/main/resources
2025-12-04 14:32:06,782 [Worker-24: Update Maven projects configuration] INFO  o.e.m.j.i.AbstractJavaProjectConfigurator - Adding source folder /Spring-redis-tutorial-main/src/test/java
2025-12-04 14:32:06,783 [Worker-24: Update Maven projects configuration] INFO  o.e.m.j.i.AbstractJavaProjectConfigurator - Adding resource folder /Spring-redis-tutorial-main/src/test/resources
2025-12-04 14:32:07,483 [Worker-24: Update Maven projects configuration] WARN  o.apache.maven.project.MavenProject - Direct modification of compileSourceRoots through clear() is deprecated and will not work in Maven 4.0.0. Please use the add/remove methods instead. If you're using a plugin that causes this warning, please upgrade to the latest version and report an issue if the warning persists. To disable these warnings, set -Dmaven.project.sourceRoots.warningsDisabled=true on the command line, in the .mvn/maven.config file, or in project POM properties.
2025-12-04 14:32:07,484 [Worker-24: Update Maven projects configuration] WARN  o.apache.maven.project.MavenProject - Direct modification of compileSourceRoots through add() is deprecated and will not work in Maven 4.0.0. Please use the add/remove methods instead. If you're using a plugin that causes this warning, please upgrade to the latest version and report an issue if the warning persists. To disable these warnings, set -Dmaven.project.sourceRoots.warningsDisabled=true on the command line, in the .mvn/maven.config file, or in project POM properties.
2025-12-04 14:32:07,484 [Worker-24: Update Maven projects configuration] WARN  o.apache.maven.project.MavenProject - Direct modification of testCompileSourceRoots through clear() is deprecated and will not work in Maven 4.0.0. Please use the add/remove methods instead. If you're using a plugin that causes this warning, please upgrade to the latest version and report an issue if the warning persists. To disable these warnings, set -Dmaven.project.sourceRoots.warningsDisabled=true on the command line, in the .mvn/maven.config file, or in project POM properties.
2025-12-04 14:32:07,484 [Worker-24: Update Maven projects configuration] WARN  o.apache.maven.project.MavenProject - Direct modification of testCompileSourceRoots through add() is deprecated and will not work in Maven 4.0.0. Please use the add/remove methods instead. If you're using a plugin that causes this warning, please upgrade to the latest version and report an issue if the warning persists. To disable these warnings, set -Dmaven.project.sourceRoots.warningsDisabled=true on the command line, in the .mvn/maven.config file, or in project POM properties.
2025-12-04 14:32:07,494 [Worker-24: Update Maven projects configuration] INFO  o.e.m.c.i.p.ProjectConfigurationManager - Update completed for 1 poms: local refresh takes 0.00 sec, refresh facades takes 2.00 sec, update config takes 0.00 sec 
2025-12-04 14:32:07,747 [Worker-24: Download sources and javadoc] INFO  o.e.m.c.i.e.AbstractTransferListenerAdapter - Downloading https://repo.maven.apache.org/maven2/org/springframework/boot/spring-boot-starter-data-redis/3.5.8/spring-boot-starter-data-redis-3.5.8-sources.jar
2025-12-04 14:32:07,749 [Worker-24: Download sources and javadoc] INFO  o.e.m.c.i.e.AbstractTransferListenerAdapter - Downloaded https://repo.maven.apache.org/maven2/org/springframework/boot/spring-boot-starter-data-redis/3.5.8/spring-boot-starter-data-redis-3.5.8-sources.jar
2025-12-04 14:32:07,750 [Worker-24: Download sources and javadoc] INFO  o.e.m.j.internal.DownloadSourcesJob - Downloaded sources for org.springframework.boot:spring-boot-starter-data-redis:3.5.8
2025-12-04 14:32:07,783 [Worker-25: Building] INFO  o.a.m.s.f.DefaultMavenResourcesFiltering - Copying 1 resource from src/main/resources to target/classes
2025-12-04 14:32:07,791 [Worker-25: Building] INFO  o.a.m.s.f.DefaultMavenResourcesFiltering - Copying 0 resource from src/main/resources to target/classes
2025-12-04 14:32:07,793 [Worker-25: Building] INFO  o.a.m.s.f.DefaultMavenResourcesFiltering - skip non existing resourceDirectory /Users/anushreyshubham/Downloads/Spring-redis-tutorial-main/src/test/resources
2025-12-04 14:32:07,824 [Worker-24: Download sources and javadoc] INFO  o.e.m.c.i.e.AbstractTransferListenerAdapter - Downloading https://repo.maven.apache.org/maven2/io/lettuce/lettuce-core/6.6.0.RELEASE/lettuce-core-6.6.0.RELEASE-sources.jar
2025-12-04 14:32:07,878 [Worker-25: Building] WARN  o.apache.maven.project.MavenProject - Direct modification of compileSourceRoots through clear() is deprecated and will not work in Maven 4.0.0. Please use the add/remove methods instead. If you're using a plugin that causes this warning, please upgrade to the latest version and report an issue if the warning persists. To disable these warnings, set -Dmaven.project.sourceRoots.warningsDisabled=true on the command line, in the .mvn/maven.config file, or in project POM properties.
2025-12-04 14:32:07,879 [Worker-25: Building] WARN  o.apache.maven.project.MavenProject - Direct modification of compileSourceRoots through add() is deprecated and will not work in Maven 4.0.0. Please use the add/remove methods instead. If you're using a plugin that causes this warning, please upgrade to the latest version and report an issue if the warning persists. To disable these warnings, set -Dmaven.project.sourceRoots.warningsDisabled=true on the command line, in the .mvn/maven.config file, or in project POM properties.
2025-12-04 14:32:07,879 [Worker-25: Building] WARN  o.apache.maven.project.MavenProject - Direct modification of testCompileSourceRoots through clear() is deprecated and will not work in Maven 4.0.0. Please use the add/remove methods instead. If you're using a plugin that causes this warning, please upgrade to the latest version and report an issue if the warning persists. To disable these warnings, set -Dmaven.project.sourceRoots.warningsDisabled=true on the command line, in the .mvn/maven.config file, or in project POM properties.
2025-12-04 14:32:07,879 [Worker-25: Building] WARN  o.apache.maven.project.MavenProject - Direct modification of testCompileSourceRoots through add() is deprecated and will not work in Maven 4.0.0. Please use the add/remove methods instead. If you're using a plugin that causes this warning, please upgrade to the latest version and report an issue if the warning persists. To disable these warnings, set -Dmaven.project.sourceRoots.warningsDisabled=true on the command line, in the .mvn/maven.config file, or in project POM properties.
2025-12-04 14:32:07,992 [Worker-24: Download sources and javadoc] INFO  o.e.m.c.i.e.AbstractTransferListenerAdapter - Downloaded https://repo.maven.apache.org/maven2/io/lettuce/lettuce-core/6.6.0.RELEASE/lettuce-core-6.6.0.RELEASE-sources.jar
2025-12-04 14:32:07,994 [Worker-24: Download sources and javadoc] INFO  o.e.m.j.internal.DownloadSourcesJob - Downloaded sources for io.lettuce:lettuce-core:6.6.0.RELEASE
2025-12-04 14:32:08,089 [Worker-24: Download sources and javadoc] INFO  o.e.m.c.i.e.AbstractTransferListenerAdapter - Downloading https://repo.maven.apache.org/maven2/redis/clients/authentication/redis-authx-core/0.1.1-beta2/redis-authx-core-0.1.1-beta2-sources.jar
2025-12-04 14:32:08,091 [Worker-24: Download sources and javadoc] INFO  o.e.m.c.i.e.AbstractTransferListenerAdapter - Downloaded https://repo.maven.apache.org/maven2/redis/clients/authentication/redis-authx-core/0.1.1-beta2/redis-authx-core-0.1.1-beta2-sources.jar
2025-12-04 14:32:08,092 [Worker-24: Download sources and javadoc] INFO  o.e.m.j.internal.DownloadSourcesJob - Downloaded sources for redis.clients.authentication:redis-authx-core:0.1.1-beta2
2025-12-04 14:32:08,179 [Worker-24: Download sources and javadoc] INFO  o.e.m.c.i.e.AbstractTransferListenerAdapter - Downloading https://repo.maven.apache.org/maven2/org/springframework/data/spring-data-redis/3.5.6/spring-data-redis-3.5.6-sources.jar
2025-12-04 14:32:08,305 [Worker-24: Download sources and javadoc] INFO  o.e.m.c.i.e.AbstractTransferListenerAdapter - Downloaded https://repo.maven.apache.org/maven2/org/springframework/data/spring-data-redis/3.5.6/spring-data-redis-3.5.6-sources.jar
2025-12-04 14:32:08,306 [Worker-24: Download sources and javadoc] INFO  o.e.m.j.internal.DownloadSourcesJob - Downloaded sources for org.springframework.data:spring-data-redis:3.5.6
2025-12-04 14:32:08,428 [Worker-24: Download sources and javadoc] INFO  o.e.m.c.i.e.AbstractTransferListenerAdapter - Downloading https://repo.maven.apache.org/maven2/org/springframework/data/spring-data-keyvalue/3.5.6/spring-data-keyvalue-3.5.6-sources.jar
2025-12-04 14:32:08,448 [Worker-24: Download sources and javadoc] INFO  o.e.m.c.i.e.AbstractTransferListenerAdapter - Downloaded https://repo.maven.apache.org/maven2/org/springframework/data/spring-data-keyvalue/3.5.6/spring-data-keyvalue-3.5.6-sources.jar
2025-12-04 14:32:08,449 [Worker-24: Download sources and javadoc] INFO  o.e.m.j.internal.DownloadSourcesJob - Downloaded sources for org.springframework.data:spring-data-keyvalue:3.5.6
2025-12-04 14:32:08,592 [Worker-24: Download sources and javadoc] INFO  o.e.m.c.i.e.AbstractTransferListenerAdapter - Downloading https://repo.maven.apache.org/maven2/org/springframework/spring-oxm/6.2.14/spring-oxm-6.2.14-sources.jar
2025-12-04 14:32:08,595 [Worker-24: Download sources and javadoc] INFO  o.e.m.c.i.e.AbstractTransferListenerAdapter - Downloaded https://repo.maven.apache.org/maven2/org/springframework/spring-oxm/6.2.14/spring-oxm-6.2.14-sources.jar
2025-12-04 14:32:08,595 [Worker-24: Download sources and javadoc] INFO  o.e.m.j.internal.DownloadSourcesJob - Downloaded sources for org.springframework:spring-oxm:6.2.14
2025-12-04 14:32:43,723 [Worker-13: Building] INFO  o.e.m.c.i.l.LifecycleMappingFactory - Using org.eclipse.m2e.jdt.JarLifecycleMapping lifecycle mapping for MavenProject: com.example:spring-reddis-cache:0.0.1-SNAPSHOT @ /Users/anushreyshubham/Downloads/Spring-redis-tutorial-main/pom.xml.
2025-12-04 14:32:43,950 [Worker-13: Building] INFO  o.a.m.s.f.DefaultMavenResourcesFiltering - Copying 1 resource from src/main/resources to target/classes
2025-12-04 14:32:43,951 [Worker-13: Building] INFO  o.a.m.s.f.DefaultMavenResourcesFiltering - Copying 0 resource from src/main/resources to target/classes
2025-12-04 14:32:43,953 [Worker-13: Building] INFO  o.a.m.s.f.DefaultMavenResourcesFiltering - skip non existing resourceDirectory /Users/anushreyshubham/Downloads/Spring-redis-tutorial-main/src/test/resources
2025-12-04 14:32:43,956 [Worker-13: Building] WARN  o.apache.maven.project.MavenProject - Direct modification of compileSourceRoots through clear() is deprecated and will not work in Maven 4.0.0. Please use the add/remove methods instead. If you're using a plugin that causes this warning, please upgrade to the latest version and report an issue if the warning persists. To disable these warnings, set -Dmaven.project.sourceRoots.warningsDisabled=true on the command line, in the .mvn/maven.config file, or in project POM properties.
2025-12-04 14:32:43,957 [Worker-13: Building] WARN  o.apache.maven.project.MavenProject - Direct modification of compileSourceRoots through add() is deprecated and will not work in Maven 4.0.0. Please use the add/remove methods instead. If you're using a plugin that causes this warning, please upgrade to the latest version and report an issue if the warning persists. To disable these warnings, set -Dmaven.project.sourceRoots.warningsDisabled=true on the command line, in the .mvn/maven.config file, or in project POM properties.
2025-12-04 14:32:43,957 [Worker-13: Building] WARN  o.apache.maven.project.MavenProject - Direct modification of testCompileSourceRoots through clear() is deprecated and will not work in Maven 4.0.0. Please use the add/remove methods instead. If you're using a plugin that causes this warning, please upgrade to the latest version and report an issue if the warning persists. To disable these warnings, set -Dmaven.project.sourceRoots.warningsDisabled=true on the command line, in the .mvn/maven.config file, or in project POM properties.
2025-12-04 14:32:43,957 [Worker-13: Building] WARN  o.apache.maven.project.MavenProject - Direct modification of testCompileSourceRoots through add() is deprecated and will not work in Maven 4.0.0. Please use the add/remove methods instead. If you're using a plugin that causes this warning, please upgrade to the latest version and report an issue if the warning persists. To disable these warnings, set -Dmaven.project.sourceRoots.warningsDisabled=true on the command line, in the .mvn/maven.config file, or in project POM properties.
2025-12-04 14:32:44,587 [Worker-25: Building] INFO  o.a.m.s.f.DefaultMavenResourcesFiltering - Copying 1 resource from src/main/resources to target/classes
2025-12-04 14:32:44,594 [Worker-25: Building] INFO  o.a.m.s.f.DefaultMavenResourcesFiltering - Copying 0 resource from src/main/resources to target/classes
2025-12-04 14:32:44,597 [Worker-25: Building] INFO  o.a.m.s.f.DefaultMavenResourcesFiltering - skip non existing resourceDirectory /Users/anushreyshubham/Downloads/Spring-redis-tutorial-main/src/test/resources
2025-12-04 14:32:44,603 [Worker-25: Building] WARN  o.apache.maven.project.MavenProject - Direct modification of compileSourceRoots through clear() is deprecated and will not work in Maven 4.0.0. Please use the add/remove methods instead. If you're using a plugin that causes this warning, please upgrade to the latest version and report an issue if the warning persists. To disable these warnings, set -Dmaven.project.sourceRoots.warningsDisabled=true on the command line, in the .mvn/maven.config file, or in project POM properties.
2025-12-04 14:32:44,604 [Worker-25: Building] WARN  o.apache.maven.project.MavenProject - Direct modification of compileSourceRoots through add() is deprecated and will not work in Maven 4.0.0. Please use the add/remove methods instead. If you're using a plugin that causes this warning, please upgrade to the latest version and report an issue if the warning persists. To disable these warnings, set -Dmaven.project.sourceRoots.warningsDisabled=true on the command line, in the .mvn/maven.config file, or in project POM properties.
2025-12-04 14:32:44,604 [Worker-25: Building] WARN  o.apache.maven.project.MavenProject - Direct modification of testCompileSourceRoots through clear() is deprecated and will not work in Maven 4.0.0. Please use the add/remove methods instead. If you're using a plugin that causes this warning, please upgrade to the latest version and report an issue if the warning persists. To disable these warnings, set -Dmaven.project.sourceRoots.warningsDisabled=true on the command line, in the .mvn/maven.config file, or in project POM properties.
2025-12-04 14:32:44,604 [Worker-25: Building] WARN  o.apache.maven.project.MavenProject - Direct modification of testCompileSourceRoots through add() is deprecated and will not work in Maven 4.0.0. Please use the add/remove methods instead. If you're using a plugin that causes this warning, please upgrade to the latest version and report an issue if the warning persists. To disable these warnings, set -Dmaven.project.sourceRoots.warningsDisabled=true on the command line, in the .mvn/maven.config file, or in project POM properties.
2025-12-05 12:54:55,032 [Worker-2: Loading available Gradle versions] INFO  o.e.b.c.i.u.g.PublishedGradleVersions - Gradle version information cache is up-to-date. Trying to read.
2025-12-05 13:45:56,110 [Worker-7: Loading available Gradle versions] INFO  o.e.b.c.i.u.g.PublishedGradleVersions - Gradle version information cache is up-to-date. Trying to read.
2025-12-05 13:46:21,491 [JGit-FileStoreAttributeWriter-1] ERROR o.e.j.i.storage.file.LockFile - Creating lock file /Users/anushreyshubham/.config/jgit/config.lock failed
java.io.IOException: Creating directories for /Users/anushreyshubham/.config/jgit failed
	at org.eclipse.jgit.util.FileUtils.mkdirs(FileUtils.java:421)
	at org.eclipse.jgit.internal.storage.file.LockFile.createLockFile(LockFile.java:172)
	at org.eclipse.jgit.internal.storage.file.LockFile.createLockFileWithRetry(LockFile.java:165)
	at org.eclipse.jgit.internal.storage.file.LockFile.lock(LockFile.java:146)
	at org.eclipse.jgit.storage.file.FileBasedConfig.save(FileBasedConfig.java:201)
	at org.eclipse.jgit.util.FS$FileStoreAttributes.saveToConfig(FS.java:761)
	at org.eclipse.jgit.util.FS$FileStoreAttributes.lambda$4(FS.java:433)
	at java.base/java.util.concurrent.ThreadPoolExecutor.runWorker(ThreadPoolExecutor.java:1144)
	at java.base/java.util.concurrent.ThreadPoolExecutor$Worker.run(ThreadPoolExecutor.java:642)
	at java.base/java.lang.Thread.run(Thread.java:1583)
2025-12-05 13:46:21,495 [JGit-FileStoreAttributeWriter-1] ERROR org.eclipse.jgit.util.FS - Cannot save config file 'FileBasedConfig[/Users/anushreyshubham/.config/jgit/config]'
java.io.IOException: Creating directories for /Users/anushreyshubham/.config/jgit failed
	at org.eclipse.jgit.util.FileUtils.mkdirs(FileUtils.java:421)
	at org.eclipse.jgit.internal.storage.file.LockFile.createLockFile(LockFile.java:172)
	at org.eclipse.jgit.internal.storage.file.LockFile.createLockFileWithRetry(LockFile.java:165)
	at org.eclipse.jgit.internal.storage.file.LockFile.lock(LockFile.java:146)
	at org.eclipse.jgit.storage.file.FileBasedConfig.save(FileBasedConfig.java:201)
	at org.eclipse.jgit.util.FS$FileStoreAttributes.saveToConfig(FS.java:761)
	at org.eclipse.jgit.util.FS$FileStoreAttributes.lambda$4(FS.java:433)
	at java.base/java.util.concurrent.ThreadPoolExecutor.runWorker(ThreadPoolExecutor.java:1144)
	at java.base/java.util.concurrent.ThreadPoolExecutor$Worker.run(ThreadPoolExecutor.java:642)
	at java.base/java.lang.Thread.run(Thread.java:1583)
2025-12-05 13:47:34,494 [Worker-5: Loading available Gradle versions] INFO  o.e.b.c.i.u.g.PublishedGradleVersions - Gradle version information cache is up-to-date. Trying to read.
2025-12-05 13:47:37,877 [JGit-FileStoreAttributeWriter-1] ERROR o.e.j.i.storage.file.LockFile - Creating lock file /Users/anushreyshubham/.config/jgit/config.lock failed
java.io.IOException: Creating directories for /Users/anushreyshubham/.config/jgit failed
	at org.eclipse.jgit.util.FileUtils.mkdirs(FileUtils.java:421)
	at org.eclipse.jgit.internal.storage.file.LockFile.createLockFile(LockFile.java:172)
	at org.eclipse.jgit.internal.storage.file.LockFile.createLockFileWithRetry(LockFile.java:165)
	at org.eclipse.jgit.internal.storage.file.LockFile.lock(LockFile.java:146)
	at org.eclipse.jgit.storage.file.FileBasedConfig.save(FileBasedConfig.java:201)
	at org.eclipse.jgit.util.FS$FileStoreAttributes.saveToConfig(FS.java:761)
	at org.eclipse.jgit.util.FS$FileStoreAttributes.lambda$4(FS.java:433)
	at java.base/java.util.concurrent.ThreadPoolExecutor.runWorker(ThreadPoolExecutor.java:1144)
	at java.base/java.util.concurrent.ThreadPoolExecutor$Worker.run(ThreadPoolExecutor.java:642)
	at java.base/java.lang.Thread.run(Thread.java:1583)
2025-12-05 13:47:37,880 [JGit-FileStoreAttributeWriter-1] ERROR org.eclipse.jgit.util.FS - Cannot save config file 'FileBasedConfig[/Users/anushreyshubham/.config/jgit/config]'
java.io.IOException: Creating directories for /Users/anushreyshubham/.config/jgit failed
	at org.eclipse.jgit.util.FileUtils.mkdirs(FileUtils.java:421)
	at org.eclipse.jgit.internal.storage.file.LockFile.createLockFile(LockFile.java:172)
	at org.eclipse.jgit.internal.storage.file.LockFile.createLockFileWithRetry(LockFile.java:165)
	at org.eclipse.jgit.internal.storage.file.LockFile.lock(LockFile.java:146)
	at org.eclipse.jgit.storage.file.FileBasedConfig.save(FileBasedConfig.java:201)
	at org.eclipse.jgit.util.FS$FileStoreAttributes.saveToConfig(FS.java:761)
	at org.eclipse.jgit.util.FS$FileStoreAttributes.lambda$4(FS.java:433)
	at java.base/java.util.concurrent.ThreadPoolExecutor.runWorker(ThreadPoolExecutor.java:1144)
	at java.base/java.util.concurrent.ThreadPoolExecutor$Worker.run(ThreadPoolExecutor.java:642)
	at java.base/java.lang.Thread.run(Thread.java:1583)
2025-12-05 14:02:21,099 [Worker-7: Loading available Gradle versions] INFO  o.e.b.c.i.u.g.PublishedGradleVersions - Gradle version information cache is up-to-date. Trying to read.
2025-12-05 14:04:27,203 [Worker-38: Update Maven projects configuration] INFO  o.e.m.c.i.p.ProjectConfigurationManager - Update started
2025-12-05 14:04:27,669 [Worker-38: Update Maven projects configuration] INFO  o.e.m.c.i.l.LifecycleMappingFactory - Using org.eclipse.m2e.jdt.JarLifecycleMapping lifecycle mapping for MavenProject: com.example:spring-reddis-cache:0.0.1-SNAPSHOT @ /Users/anushreyshubham/eclipse-workspace/Chubb_Daily_Assignments/4-12-25_Assignment/Redis_Cache_Project/Spring-redis-tutorial-main/pom.xml.
2025-12-05 14:04:28,201 [Worker-38: Update Maven projects configuration] INFO  o.e.m.j.i.AbstractJavaProjectConfigurator - Adding source folder /Spring-redis-tutorial-main/src/main/java
2025-12-05 14:04:28,202 [Worker-38: Update Maven projects configuration] INFO  o.e.m.j.i.AbstractJavaProjectConfigurator - Adding resource folder /Spring-redis-tutorial-main/src/main/resources
2025-12-05 14:04:28,204 [Worker-38: Update Maven projects configuration] INFO  o.e.m.j.i.AbstractJavaProjectConfigurator - Adding resource folder /Spring-redis-tutorial-main/src/main/resources
2025-12-05 14:04:28,205 [Worker-38: Update Maven projects configuration] INFO  o.e.m.j.i.AbstractJavaProjectConfigurator - Adding source folder /Spring-redis-tutorial-main/src/test/java
2025-12-05 14:04:28,206 [Worker-38: Update Maven projects configuration] INFO  o.e.m.j.i.AbstractJavaProjectConfigurator - Adding resource folder /Spring-redis-tutorial-main/src/test/resources
2025-12-05 14:04:29,058 [Worker-38: Update Maven projects configuration] WARN  o.apache.maven.project.MavenProject - Direct modification of compileSourceRoots through clear() is deprecated and will not work in Maven 4.0.0. Please use the add/remove methods instead. If you're using a plugin that causes this warning, please upgrade to the latest version and report an issue if the warning persists. To disable these warnings, set -Dmaven.project.sourceRoots.warningsDisabled=true on the command line, in the .mvn/maven.config file, or in project POM properties.
2025-12-05 14:04:29,058 [Worker-38: Update Maven projects configuration] WARN  o.apache.maven.project.MavenProject - Direct modification of compileSourceRoots through add() is deprecated and will not work in Maven 4.0.0. Please use the add/remove methods instead. If you're using a plugin that causes this warning, please upgrade to the latest version and report an issue if the warning persists. To disable these warnings, set -Dmaven.project.sourceRoots.warningsDisabled=true on the command line, in the .mvn/maven.config file, or in project POM properties.
2025-12-05 14:04:29,058 [Worker-38: Update Maven projects configuration] WARN  o.apache.maven.project.MavenProject - Direct modification of testCompileSourceRoots through clear() is deprecated and will not work in Maven 4.0.0. Please use the add/remove methods instead. If you're using a plugin that causes this warning, please upgrade to the latest version and report an issue if the warning persists. To disable these warnings, set -Dmaven.project.sourceRoots.warningsDisabled=true on the command line, in the .mvn/maven.config file, or in project POM properties.
2025-12-05 14:04:29,058 [Worker-38: Update Maven projects configuration] WARN  o.apache.maven.project.MavenProject - Direct modification of testCompileSourceRoots through add() is deprecated and will not work in Maven 4.0.0. Please use the add/remove methods instead. If you're using a plugin that causes this warning, please upgrade to the latest version and report an issue if the warning persists. To disable these warnings, set -Dmaven.project.sourceRoots.warningsDisabled=true on the command line, in the .mvn/maven.config file, or in project POM properties.
2025-12-05 14:04:29,068 [Worker-38: Update Maven projects configuration] INFO  o.e.m.c.i.p.ProjectConfigurationManager - Update completed for 1 poms: local refresh takes 0.00 sec, refresh facades takes 0.00 sec, update config takes 1.00 sec 
2025-12-05 14:04:29,439 [Worker-19: Building] INFO  o.a.m.s.f.DefaultMavenResourcesFiltering - Copying 1 resource from src/main/resources to target/classes
2025-12-05 14:04:29,448 [Worker-19: Building] INFO  o.a.m.s.f.DefaultMavenResourcesFiltering - Copying 0 resource from src/main/resources to target/classes
2025-12-05 14:04:29,451 [Worker-19: Building] INFO  o.a.m.s.f.DefaultMavenResourcesFiltering - skip non existing resourceDirectory /Users/anushreyshubham/eclipse-workspace/Chubb_Daily_Assignments/4-12-25_Assignment/Redis_Cache_Project/Spring-redis-tutorial-main/src/test/resources
2025-12-05 14:04:29,559 [Worker-19: Building] WARN  o.apache.maven.project.MavenProject - Direct modification of compileSourceRoots through clear() is deprecated and will not work in Maven 4.0.0. Please use the add/remove methods instead. If you're using a plugin that causes this warning, please upgrade to the latest version and report an issue if the warning persists. To disable these warnings, set -Dmaven.project.sourceRoots.warningsDisabled=true on the command line, in the .mvn/maven.config file, or in project POM properties.
2025-12-05 14:04:29,560 [Worker-19: Building] WARN  o.apache.maven.project.MavenProject - Direct modification of compileSourceRoots through add() is deprecated and will not work in Maven 4.0.0. Please use the add/remove methods instead. If you're using a plugin that causes this warning, please upgrade to the latest version and report an issue if the warning persists. To disable these warnings, set -Dmaven.project.sourceRoots.warningsDisabled=true on the command line, in the .mvn/maven.config file, or in project POM properties.
2025-12-05 14:04:29,560 [Worker-19: Building] WARN  o.apache.maven.project.MavenProject - Direct modification of testCompileSourceRoots through clear() is deprecated and will not work in Maven 4.0.0. Please use the add/remove methods instead. If you're using a plugin that causes this warning, please upgrade to the latest version and report an issue if the warning persists. To disable these warnings, set -Dmaven.project.sourceRoots.warningsDisabled=true on the command line, in the .mvn/maven.config file, or in project POM properties.
2025-12-05 14:04:29,561 [Worker-19: Building] WARN  o.apache.maven.project.MavenProject - Direct modification of testCompileSourceRoots through add() is deprecated and will not work in Maven 4.0.0. Please use the add/remove methods instead. If you're using a plugin that causes this warning, please upgrade to the latest version and report an issue if the warning persists. To disable these warnings, set -Dmaven.project.sourceRoots.warningsDisabled=true on the command line, in the .mvn/maven.config file, or in project POM properties.
2025-12-05 14:04:31,422 [JGit-FileStoreAttributeWriter-1] ERROR o.e.j.i.storage.file.LockFile - Creating lock file /Users/anushreyshubham/.config/jgit/config.lock failed
java.io.IOException: Creating directories for /Users/anushreyshubham/.config/jgit failed
	at org.eclipse.jgit.util.FileUtils.mkdirs(FileUtils.java:421)
	at org.eclipse.jgit.internal.storage.file.LockFile.createLockFile(LockFile.java:172)
	at org.eclipse.jgit.internal.storage.file.LockFile.createLockFileWithRetry(LockFile.java:165)
	at org.eclipse.jgit.internal.storage.file.LockFile.lock(LockFile.java:146)
	at org.eclipse.jgit.storage.file.FileBasedConfig.save(FileBasedConfig.java:201)
	at org.eclipse.jgit.util.FS$FileStoreAttributes.saveToConfig(FS.java:761)
	at org.eclipse.jgit.util.FS$FileStoreAttributes.lambda$4(FS.java:433)
	at java.base/java.util.concurrent.ThreadPoolExecutor.runWorker(ThreadPoolExecutor.java:1144)
	at java.base/java.util.concurrent.ThreadPoolExecutor$Worker.run(ThreadPoolExecutor.java:642)
	at java.base/java.lang.Thread.run(Thread.java:1583)
2025-12-05 14:04:31,424 [JGit-FileStoreAttributeWriter-1] ERROR org.eclipse.jgit.util.FS - Cannot save config file 'FileBasedConfig[/Users/anushreyshubham/.config/jgit/config]'
java.io.IOException: Creating directories for /Users/anushreyshubham/.config/jgit failed
	at org.eclipse.jgit.util.FileUtils.mkdirs(FileUtils.java:421)
	at org.eclipse.jgit.internal.storage.file.LockFile.createLockFile(LockFile.java:172)
	at org.eclipse.jgit.internal.storage.file.LockFile.createLockFileWithRetry(LockFile.java:165)
	at org.eclipse.jgit.internal.storage.file.LockFile.lock(LockFile.java:146)
	at org.eclipse.jgit.storage.file.FileBasedConfig.save(FileBasedConfig.java:201)
	at org.eclipse.jgit.util.FS$FileStoreAttributes.saveToConfig(FS.java:761)
	at org.eclipse.jgit.util.FS$FileStoreAttributes.lambda$4(FS.java:433)
	at java.base/java.util.concurrent.ThreadPoolExecutor.runWorker(ThreadPoolExecutor.java:1144)
	at java.base/java.util.concurrent.ThreadPoolExecutor$Worker.run(ThreadPoolExecutor.java:642)
	at java.base/java.lang.Thread.run(Thread.java:1583)
2025-12-05 14:04:57,382 [main] INFO  o.e.m2e.actions.ExecutePomAction - Creating new launch configuration
2025-12-05 14:05:06,000 [Worker-40: Launching Spring-redis-tutorial-main] INFO  o.eclipse.m2e.core.internal.Bundles - getClasspathEntries(Bundle=org.eclipse.m2e.maven.runtime_3.9.1100.20250811-2018 [640])
2025-12-05 14:05:06,001 [Worker-40: Launching Spring-redis-tutorial-main] INFO  o.eclipse.m2e.core.internal.Bundles - 	Entry: /Applications/Eclipse.app/Contents/Eclipse/plugins/org.eclipse.m2e.maven.runtime_3.9.1100.20250811-2018
2025-12-05 14:05:06,001 [Worker-40: Launching Spring-redis-tutorial-main] INFO  o.eclipse.m2e.core.internal.Bundles - 	Entry: /Applications/Eclipse.app/Contents/Eclipse/plugins/org.eclipse.m2e.maven.runtime_3.9.1100.20250811-2018/jars/aopalliance-1.0.jar
2025-12-05 14:05:06,001 [Worker-40: Launching Spring-redis-tutorial-main] INFO  o.eclipse.m2e.core.internal.Bundles - 	Entry: /Applications/Eclipse.app/Contents/Eclipse/plugins/org.eclipse.m2e.maven.runtime_3.9.1100.20250811-2018/jars/asm-9.8.jar
2025-12-05 14:05:06,001 [Worker-40: Launching Spring-redis-tutorial-main] INFO  o.eclipse.m2e.core.internal.Bundles - 	Entry: /Applications/Eclipse.app/Contents/Eclipse/plugins/org.eclipse.m2e.maven.runtime_3.9.1100.20250811-2018/jars/error_prone_annotations-2.38.0.jar
2025-12-05 14:05:06,001 [Worker-40: Launching Spring-redis-tutorial-main] INFO  o.eclipse.m2e.core.internal.Bundles - 	Entry: /Applications/Eclipse.app/Contents/Eclipse/plugins/org.eclipse.m2e.maven.runtime_3.9.1100.20250811-2018/jars/gson-2.13.1.jar
2025-12-05 14:05:06,001 [Worker-40: Launching Spring-redis-tutorial-main] INFO  o.eclipse.m2e.core.internal.Bundles - 	Entry: /Applications/Eclipse.app/Contents/Eclipse/plugins/org.eclipse.m2e.maven.runtime_3.9.1100.20250811-2018/jars/guice-5.1.0-classes.jar
2025-12-05 14:05:06,001 [Worker-40: Launching Spring-redis-tutorial-main] INFO  o.eclipse.m2e.core.internal.Bundles - 	Entry: /Applications/Eclipse.app/Contents/Eclipse/plugins/org.eclipse.m2e.maven.runtime_3.9.1100.20250811-2018/jars/httpclient-4.5.14.jar
2025-12-05 14:05:06,001 [Worker-40: Launching Spring-redis-tutorial-main] INFO  o.eclipse.m2e.core.internal.Bundles - 	Entry: /Applications/Eclipse.app/Contents/Eclipse/plugins/org.eclipse.m2e.maven.runtime_3.9.1100.20250811-2018/jars/httpcore-4.4.16.jar
2025-12-05 14:05:06,001 [Worker-40: Launching Spring-redis-tutorial-main] INFO  o.eclipse.m2e.core.internal.Bundles - 	Entry: /Applications/Eclipse.app/Contents/Eclipse/plugins/org.eclipse.m2e.maven.runtime_3.9.1100.20250811-2018/jars/jansi-2.4.2.jar
2025-12-05 14:05:06,001 [Worker-40: Launching Spring-redis-tutorial-main] INFO  o.eclipse.m2e.core.internal.Bundles - 	Entry: /Applications/Eclipse.app/Contents/Eclipse/plugins/org.eclipse.m2e.maven.runtime_3.9.1100.20250811-2018/jars/jcl-over-slf4j-1.7.36.jar
2025-12-05 14:05:06,001 [Worker-40: Launching Spring-redis-tutorial-main] INFO  o.eclipse.m2e.core.internal.Bundles - 	Entry: /Applications/Eclipse.app/Contents/Eclipse/plugins/org.eclipse.m2e.maven.runtime_3.9.1100.20250811-2018/jars/maven-artifact-3.9.11.jar
2025-12-05 14:05:06,002 [Worker-40: Launching Spring-redis-tutorial-main] INFO  o.eclipse.m2e.core.internal.Bundles - 	Entry: /Applications/Eclipse.app/Contents/Eclipse/plugins/org.eclipse.m2e.maven.runtime_3.9.1100.20250811-2018/jars/maven-builder-support-3.9.11.jar
2025-12-05 14:05:06,002 [Worker-40: Launching Spring-redis-tutorial-main] INFO  o.eclipse.m2e.core.internal.Bundles - 	Entry: /Applications/Eclipse.app/Contents/Eclipse/plugins/org.eclipse.m2e.maven.runtime_3.9.1100.20250811-2018/jars/maven-compat-3.9.11.jar
2025-12-05 14:05:06,002 [Worker-40: Launching Spring-redis-tutorial-main] INFO  o.eclipse.m2e.core.internal.Bundles - 	Entry: /Applications/Eclipse.app/Contents/Eclipse/plugins/org.eclipse.m2e.maven.runtime_3.9.1100.20250811-2018/jars/maven-core-3.9.11.jar
2025-12-05 14:05:06,002 [Worker-40: Launching Spring-redis-tutorial-main] INFO  o.eclipse.m2e.core.internal.Bundles - 	Entry: /Applications/Eclipse.app/Contents/Eclipse/plugins/org.eclipse.m2e.maven.runtime_3.9.1100.20250811-2018/jars/maven-embedder-3.9.11.jar
2025-12-05 14:05:06,002 [Worker-40: Launching Spring-redis-tutorial-main] INFO  o.eclipse.m2e.core.internal.Bundles - 	Entry: /Applications/Eclipse.app/Contents/Eclipse/plugins/org.eclipse.m2e.maven.runtime_3.9.1100.20250811-2018/jars/maven-model-3.9.11.jar
2025-12-05 14:05:06,002 [Worker-40: Launching Spring-redis-tutorial-main] INFO  o.eclipse.m2e.core.internal.Bundles - 	Entry: /Applications/Eclipse.app/Contents/Eclipse/plugins/org.eclipse.m2e.maven.runtime_3.9.1100.20250811-2018/jars/maven-model-builder-3.9.11.jar
2025-12-05 14:05:06,002 [Worker-40: Launching Spring-redis-tutorial-main] INFO  o.eclipse.m2e.core.internal.Bundles - 	Entry: /Applications/Eclipse.app/Contents/Eclipse/plugins/org.eclipse.m2e.maven.runtime_3.9.1100.20250811-2018/jars/maven-plugin-api-3.9.11.jar
2025-12-05 14:05:06,002 [Worker-40: Launching Spring-redis-tutorial-main] INFO  o.eclipse.m2e.core.internal.Bundles - 	Entry: /Applications/Eclipse.app/Contents/Eclipse/plugins/org.eclipse.m2e.maven.runtime_3.9.1100.20250811-2018/jars/maven-repository-metadata-3.9.11.jar
2025-12-05 14:05:06,002 [Worker-40: Launching Spring-redis-tutorial-main] INFO  o.eclipse.m2e.core.internal.Bundles - 	Entry: /Applications/Eclipse.app/Contents/Eclipse/plugins/org.eclipse.m2e.maven.runtime_3.9.1100.20250811-2018/jars/maven-resolver-api-1.9.24.jar
2025-12-05 14:05:06,002 [Worker-40: Launching Spring-redis-tutorial-main] INFO  o.eclipse.m2e.core.internal.Bundles - 	Entry: /Applications/Eclipse.app/Contents/Eclipse/plugins/org.eclipse.m2e.maven.runtime_3.9.1100.20250811-2018/jars/maven-resolver-connector-basic-1.9.24.jar
2025-12-05 14:05:06,002 [Worker-40: Launching Spring-redis-tutorial-main] INFO  o.eclipse.m2e.core.internal.Bundles - 	Entry: /Applications/Eclipse.app/Contents/Eclipse/plugins/org.eclipse.m2e.maven.runtime_3.9.1100.20250811-2018/jars/maven-resolver-impl-1.9.24.jar
2025-12-05 14:05:06,002 [Worker-40: Launching Spring-redis-tutorial-main] INFO  o.eclipse.m2e.core.internal.Bundles - 	Entry: /Applications/Eclipse.app/Contents/Eclipse/plugins/org.eclipse.m2e.maven.runtime_3.9.1100.20250811-2018/jars/maven-resolver-named-locks-1.9.24.jar
2025-12-05 14:05:06,002 [Worker-40: Launching Spring-redis-tutorial-main] INFO  o.eclipse.m2e.core.internal.Bundles - 	Entry: /Applications/Eclipse.app/Contents/Eclipse/plugins/org.eclipse.m2e.maven.runtime_3.9.1100.20250811-2018/jars/maven-resolver-provider-3.9.11.jar
2025-12-05 14:05:06,002 [Worker-40: Launching Spring-redis-tutorial-main] INFO  o.eclipse.m2e.core.internal.Bundles - 	Entry: /Applications/Eclipse.app/Contents/Eclipse/plugins/org.eclipse.m2e.maven.runtime_3.9.1100.20250811-2018/jars/maven-resolver-spi-1.9.24.jar
2025-12-05 14:05:06,002 [Worker-40: Launching Spring-redis-tutorial-main] INFO  o.eclipse.m2e.core.internal.Bundles - 	Entry: /Applications/Eclipse.app/Contents/Eclipse/plugins/org.eclipse.m2e.maven.runtime_3.9.1100.20250811-2018/jars/maven-resolver-transport-file-1.9.24.jar
2025-12-05 14:05:06,002 [Worker-40: Launching Spring-redis-tutorial-main] INFO  o.eclipse.m2e.core.internal.Bundles - 	Entry: /Applications/Eclipse.app/Contents/Eclipse/plugins/org.eclipse.m2e.maven.runtime_3.9.1100.20250811-2018/jars/maven-resolver-transport-http-1.9.24.jar
2025-12-05 14:05:06,002 [Worker-40: Launching Spring-redis-tutorial-main] INFO  o.eclipse.m2e.core.internal.Bundles - 	Entry: /Applications/Eclipse.app/Contents/Eclipse/plugins/org.eclipse.m2e.maven.runtime_3.9.1100.20250811-2018/jars/maven-resolver-transport-wagon-1.9.24.jar
2025-12-05 14:05:06,002 [Worker-40: Launching Spring-redis-tutorial-main] INFO  o.eclipse.m2e.core.internal.Bundles - 	Entry: /Applications/Eclipse.app/Contents/Eclipse/plugins/org.eclipse.m2e.maven.runtime_3.9.1100.20250811-2018/jars/maven-resolver-util-1.9.24.jar
2025-12-05 14:05:06,002 [Worker-40: Launching Spring-redis-tutorial-main] INFO  o.eclipse.m2e.core.internal.Bundles - 	Entry: /Applications/Eclipse.app/Contents/Eclipse/plugins/org.eclipse.m2e.maven.runtime_3.9.1100.20250811-2018/jars/maven-settings-3.9.11.jar
2025-12-05 14:05:06,002 [Worker-40: Launching Spring-redis-tutorial-main] INFO  o.eclipse.m2e.core.internal.Bundles - 	Entry: /Applications/Eclipse.app/Contents/Eclipse/plugins/org.eclipse.m2e.maven.runtime_3.9.1100.20250811-2018/jars/maven-settings-builder-3.9.11.jar
2025-12-05 14:05:06,002 [Worker-40: Launching Spring-redis-tutorial-main] INFO  o.eclipse.m2e.core.internal.Bundles - 	Entry: /Applications/Eclipse.app/Contents/Eclipse/plugins/org.eclipse.m2e.maven.runtime_3.9.1100.20250811-2018/jars/maven-shared-utils-3.4.2.jar
2025-12-05 14:05:06,002 [Worker-40: Launching Spring-redis-tutorial-main] INFO  o.eclipse.m2e.core.internal.Bundles - 	Entry: /Applications/Eclipse.app/Contents/Eclipse/plugins/org.eclipse.m2e.maven.runtime_3.9.1100.20250811-2018/jars/org.eclipse.sisu.inject-0.9.0.M4.jar
2025-12-05 14:05:06,002 [Worker-40: Launching Spring-redis-tutorial-main] INFO  o.eclipse.m2e.core.internal.Bundles - 	Entry: /Applications/Eclipse.app/Contents/Eclipse/plugins/org.eclipse.m2e.maven.runtime_3.9.1100.20250811-2018/jars/org.eclipse.sisu.plexus-0.9.0.M4.jar
2025-12-05 14:05:06,002 [Worker-40: Launching Spring-redis-tutorial-main] INFO  o.eclipse.m2e.core.internal.Bundles - 	Entry: /Applications/Eclipse.app/Contents/Eclipse/plugins/org.eclipse.m2e.maven.runtime_3.9.1100.20250811-2018/jars/plexus-build-api-0.0.7.jar
2025-12-05 14:05:06,002 [Worker-40: Launching Spring-redis-tutorial-main] INFO  o.eclipse.m2e.core.internal.Bundles - 	Entry: /Applications/Eclipse.app/Contents/Eclipse/plugins/org.eclipse.m2e.maven.runtime_3.9.1100.20250811-2018/jars/plexus-build-api-1.2.0.jar
2025-12-05 14:05:06,002 [Worker-40: Launching Spring-redis-tutorial-main] INFO  o.eclipse.m2e.core.internal.Bundles - 	Entry: /Applications/Eclipse.app/Contents/Eclipse/plugins/org.eclipse.m2e.maven.runtime_3.9.1100.20250811-2018/jars/plexus-cipher-2.0.jar
2025-12-05 14:05:06,002 [Worker-40: Launching Spring-redis-tutorial-main] INFO  o.eclipse.m2e.core.internal.Bundles - 	Entry: /Applications/Eclipse.app/Contents/Eclipse/plugins/org.eclipse.m2e.maven.runtime_3.9.1100.20250811-2018/jars/plexus-classworlds-2.9.0.jar
2025-12-05 14:05:06,002 [Worker-40: Launching Spring-redis-tutorial-main] INFO  o.eclipse.m2e.core.internal.Bundles - 	Entry: /Applications/Eclipse.app/Contents/Eclipse/plugins/org.eclipse.m2e.maven.runtime_3.9.1100.20250811-2018/jars/plexus-component-annotations-2.2.0.jar
2025-12-05 14:05:06,002 [Worker-40: Launching Spring-redis-tutorial-main] INFO  o.eclipse.m2e.core.internal.Bundles - 	Entry: /Applications/Eclipse.app/Contents/Eclipse/plugins/org.eclipse.m2e.maven.runtime_3.9.1100.20250811-2018/jars/plexus-interpolation-1.28.jar
2025-12-05 14:05:06,002 [Worker-40: Launching Spring-redis-tutorial-main] INFO  o.eclipse.m2e.core.internal.Bundles - 	Entry: /Applications/Eclipse.app/Contents/Eclipse/plugins/org.eclipse.m2e.maven.runtime_3.9.1100.20250811-2018/jars/plexus-sec-dispatcher-2.0.jar
2025-12-05 14:05:06,002 [Worker-40: Launching Spring-redis-tutorial-main] INFO  o.eclipse.m2e.core.internal.Bundles - 	Entry: /Applications/Eclipse.app/Contents/Eclipse/plugins/org.eclipse.m2e.maven.runtime_3.9.1100.20250811-2018/jars/plexus-utils-3.6.0.jar
2025-12-05 14:05:06,002 [Worker-40: Launching Spring-redis-tutorial-main] INFO  o.eclipse.m2e.core.internal.Bundles - 	Entry: /Applications/Eclipse.app/Contents/Eclipse/plugins/org.eclipse.m2e.maven.runtime_3.9.1100.20250811-2018/jars/wagon-file-3.5.3.jar
2025-12-05 14:05:06,002 [Worker-40: Launching Spring-redis-tutorial-main] INFO  o.eclipse.m2e.core.internal.Bundles - 	Entry: /Applications/Eclipse.app/Contents/Eclipse/plugins/org.eclipse.m2e.maven.runtime_3.9.1100.20250811-2018/jars/wagon-http-3.5.3.jar
2025-12-05 14:05:06,002 [Worker-40: Launching Spring-redis-tutorial-main] INFO  o.eclipse.m2e.core.internal.Bundles - 	Entry: /Applications/Eclipse.app/Contents/Eclipse/plugins/org.eclipse.m2e.maven.runtime_3.9.1100.20250811-2018/jars/wagon-http-shared-3.5.3.jar
2025-12-05 14:05:06,002 [Worker-40: Launching Spring-redis-tutorial-main] INFO  o.eclipse.m2e.core.internal.Bundles - 	Entry: /Applications/Eclipse.app/Contents/Eclipse/plugins/org.eclipse.m2e.maven.runtime_3.9.1100.20250811-2018/jars/wagon-provider-api-3.5.3.jar
2025-12-05 14:05:06,003 [Worker-40: Launching Spring-redis-tutorial-main] INFO  o.eclipse.m2e.core.internal.Bundles - getClasspathEntries(Bundle=com.google.guava_33.4.8.jre [18])
2025-12-05 14:05:06,003 [Worker-40: Launching Spring-redis-tutorial-main] INFO  o.eclipse.m2e.core.internal.Bundles - 	Entry: /Applications/Eclipse.app/Contents/Eclipse/plugins/com.google.guava_33.4.8.jre.jar
2025-12-05 14:05:06,003 [Worker-40: Launching Spring-redis-tutorial-main] INFO  o.eclipse.m2e.core.internal.Bundles - getClasspathEntries(Bundle=slf4j.api_2.0.17 [1005])
2025-12-05 14:05:06,003 [Worker-40: Launching Spring-redis-tutorial-main] INFO  o.eclipse.m2e.core.internal.Bundles - 	Entry: /Applications/Eclipse.app/Contents/Eclipse/plugins/slf4j.api_2.0.17.jar
2025-12-05 14:05:06,003 [Worker-40: Launching Spring-redis-tutorial-main] INFO  o.eclipse.m2e.core.internal.Bundles - getClasspathEntries(Bundle=jakarta.inject.jakarta.inject-api_1.0.5 [35])
2025-12-05 14:05:06,003 [Worker-40: Launching Spring-redis-tutorial-main] INFO  o.eclipse.m2e.core.internal.Bundles - 	Entry: /Applications/Eclipse.app/Contents/Eclipse/plugins/jakarta.inject.jakarta.inject-api_1.0.5.jar
2025-12-05 14:05:06,004 [Worker-40: Launching Spring-redis-tutorial-main] INFO  o.eclipse.m2e.core.internal.Bundles - getClasspathEntries(Bundle=jakarta.annotation-api_1.3.5 [31])
2025-12-05 14:05:06,004 [Worker-40: Launching Spring-redis-tutorial-main] INFO  o.eclipse.m2e.core.internal.Bundles - 	Entry: /Applications/Eclipse.app/Contents/Eclipse/plugins/jakarta.annotation-api_1.3.5.jar
2025-12-05 14:05:06,004 [Worker-40: Launching Spring-redis-tutorial-main] INFO  o.eclipse.m2e.core.internal.Bundles - getClasspathEntries(Bundle=org.apache.commons.cli_1.10.0 [75])
2025-12-05 14:05:06,004 [Worker-40: Launching Spring-redis-tutorial-main] INFO  o.eclipse.m2e.core.internal.Bundles - 	Entry: /Applications/Eclipse.app/Contents/Eclipse/plugins/org.apache.commons.cli_1.10.0.jar
2025-12-05 14:05:06,004 [Worker-40: Launching Spring-redis-tutorial-main] INFO  o.eclipse.m2e.core.internal.Bundles - getClasspathEntries(Bundle=org.apache.commons.commons-codec_1.19.0 [77])
2025-12-05 14:05:06,004 [Worker-40: Launching Spring-redis-tutorial-main] INFO  o.eclipse.m2e.core.internal.Bundles - 	Entry: /Applications/Eclipse.app/Contents/Eclipse/plugins/org.apache.commons.commons-codec_1.19.0.jar
2025-12-05 14:05:06,004 [Worker-40: Launching Spring-redis-tutorial-main] INFO  o.eclipse.m2e.core.internal.Bundles - getClasspathEntries(Bundle=com.google.guava.failureaccess_1.0.3 [19])
2025-12-05 14:05:06,004 [Worker-40: Launching Spring-redis-tutorial-main] INFO  o.eclipse.m2e.core.internal.Bundles - 	Entry: /Applications/Eclipse.app/Contents/Eclipse/plugins/com.google.guava.failureaccess_1.0.3.jar
2025-12-05 14:05:06,006 [Worker-40: Launching Spring-redis-tutorial-main] INFO  o.e.m.i.launch.MavenLaunchDelegate - Run build in "/Users/anushreyshubham/eclipse-workspace/Chubb_Daily_Assignments/4-12-25_Assignment/Redis_Cache_Project/Spring-redis-tutorial-main":
2025-12-05 14:05:06,006 [Worker-40: Launching Spring-redis-tutorial-main] INFO  o.e.m.i.launch.MavenLaunchDelegate -  mvn  -B -Dstyle.color=always package
2025-12-05 14:05:23,724 [Worker-19: Updating Maven Project] INFO  o.e.m.c.i.p.ProjectConfigurationManager - Update started
2025-12-05 14:05:23,957 [Worker-19: Updating Maven Project] INFO  o.e.m.c.i.l.LifecycleMappingFactory - Using org.eclipse.m2e.jdt.JarLifecycleMapping lifecycle mapping for MavenProject: com.example:spring-reddis-cache:0.0.1-SNAPSHOT @ /Users/anushreyshubham/eclipse-workspace/Chubb_Daily_Assignments/4-12-25_Assignment/Redis_Cache_Project/Spring-redis-tutorial-main/pom.xml.
2025-12-05 14:05:24,182 [Worker-19: Updating Maven Project] INFO  o.e.m.j.i.AbstractJavaProjectConfigurator - Adding source folder /Spring-redis-tutorial-main/src/main/java
2025-12-05 14:05:24,182 [Worker-19: Updating Maven Project] INFO  o.e.m.j.i.AbstractJavaProjectConfigurator - Adding resource folder /Spring-redis-tutorial-main/src/main/resources
2025-12-05 14:05:24,182 [Worker-19: Updating Maven Project] INFO  o.e.m.j.i.AbstractJavaProjectConfigurator - Adding resource folder /Spring-redis-tutorial-main/src/main/resources
2025-12-05 14:05:24,183 [Worker-19: Updating Maven Project] INFO  o.e.m.j.i.AbstractJavaProjectConfigurator - Adding source folder /Spring-redis-tutorial-main/src/test/java
2025-12-05 14:05:24,183 [Worker-19: Updating Maven Project] INFO  o.e.m.j.i.AbstractJavaProjectConfigurator - Adding resource folder /Spring-redis-tutorial-main/src/test/resources
2025-12-05 14:05:24,280 [Worker-19: Updating Maven Project] WARN  o.apache.maven.project.MavenProject - Direct modification of compileSourceRoots through clear() is deprecated and will not work in Maven 4.0.0. Please use the add/remove methods instead. If you're using a plugin that causes this warning, please upgrade to the latest version and report an issue if the warning persists. To disable these warnings, set -Dmaven.project.sourceRoots.warningsDisabled=true on the command line, in the .mvn/maven.config file, or in project POM properties.
2025-12-05 14:05:24,281 [Worker-19: Updating Maven Project] WARN  o.apache.maven.project.MavenProject - Direct modification of compileSourceRoots through add() is deprecated and will not work in Maven 4.0.0. Please use the add/remove methods instead. If you're using a plugin that causes this warning, please upgrade to the latest version and report an issue if the warning persists. To disable these warnings, set -Dmaven.project.sourceRoots.warningsDisabled=true on the command line, in the .mvn/maven.config file, or in project POM properties.
2025-12-05 14:05:24,281 [Worker-19: Updating Maven Project] WARN  o.apache.maven.project.MavenProject - Direct modification of testCompileSourceRoots through clear() is deprecated and will not work in Maven 4.0.0. Please use the add/remove methods instead. If you're using a plugin that causes this warning, please upgrade to the latest version and report an issue if the warning persists. To disable these warnings, set -Dmaven.project.sourceRoots.warningsDisabled=true on the command line, in the .mvn/maven.config file, or in project POM properties.
2025-12-05 14:05:24,282 [Worker-19: Updating Maven Project] WARN  o.apache.maven.project.MavenProject - Direct modification of testCompileSourceRoots through add() is deprecated and will not work in Maven 4.0.0. Please use the add/remove methods instead. If you're using a plugin that causes this warning, please upgrade to the latest version and report an issue if the warning persists. To disable these warnings, set -Dmaven.project.sourceRoots.warningsDisabled=true on the command line, in the .mvn/maven.config file, or in project POM properties.
2025-12-05 14:05:24,369 [Worker-19: Updating Maven Project] INFO  o.e.m.c.i.p.ProjectConfigurationManager - Update completed for 1 poms: local refresh takes 0.00 sec, refresh facades takes 0.00 sec, update config takes 0.00 sec 
2025-12-05 14:05:24,588 [Worker-39: Building] INFO  o.a.m.s.f.DefaultMavenResourcesFiltering - Copying 1 resource from src/main/resources to target/classes
2025-12-05 14:05:24,595 [Worker-39: Building] INFO  o.a.m.s.f.DefaultMavenResourcesFiltering - Copying 0 resource from src/main/resources to target/classes
2025-12-05 14:05:24,597 [Worker-39: Building] INFO  o.a.m.s.f.DefaultMavenResourcesFiltering - skip non existing resourceDirectory /Users/anushreyshubham/eclipse-workspace/Chubb_Daily_Assignments/4-12-25_Assignment/Redis_Cache_Project/Spring-redis-tutorial-main/src/test/resources
2025-12-05 14:05:24,601 [Worker-39: Building] WARN  o.apache.maven.project.MavenProject - Direct modification of compileSourceRoots through clear() is deprecated and will not work in Maven 4.0.0. Please use the add/remove methods instead. If you're using a plugin that causes this warning, please upgrade to the latest version and report an issue if the warning persists. To disable these warnings, set -Dmaven.project.sourceRoots.warningsDisabled=true on the command line, in the .mvn/maven.config file, or in project POM properties.
2025-12-05 14:05:24,601 [Worker-39: Building] WARN  o.apache.maven.project.MavenProject - Direct modification of compileSourceRoots through add() is deprecated and will not work in Maven 4.0.0. Please use the add/remove methods instead. If you're using a plugin that causes this warning, please upgrade to the latest version and report an issue if the warning persists. To disable these warnings, set -Dmaven.project.sourceRoots.warningsDisabled=true on the command line, in the .mvn/maven.config file, or in project POM properties.
2025-12-05 14:05:24,602 [Worker-39: Building] WARN  o.apache.maven.project.MavenProject - Direct modification of testCompileSourceRoots through clear() is deprecated and will not work in Maven 4.0.0. Please use the add/remove methods instead. If you're using a plugin that causes this warning, please upgrade to the latest version and report an issue if the warning persists. To disable these warnings, set -Dmaven.project.sourceRoots.warningsDisabled=true on the command line, in the .mvn/maven.config file, or in project POM properties.
2025-12-05 14:05:24,602 [Worker-39: Building] WARN  o.apache.maven.project.MavenProject - Direct modification of testCompileSourceRoots through add() is deprecated and will not work in Maven 4.0.0. Please use the add/remove methods instead. If you're using a plugin that causes this warning, please upgrade to the latest version and report an issue if the warning persists. To disable these warnings, set -Dmaven.project.sourceRoots.warningsDisabled=true on the command line, in the .mvn/maven.config file, or in project POM properties.
